// Jest Snapshot v1, https://goo.gl/fbAQLP

exports[`<List /> should render list with profile 1`] = `
<div>
  <div
    class="makeStyles-filters-3"
  >
    <div
      class="MuiInputBase-root MuiInput-root MuiInput-underline makeStyles-filtersInput-4"
    >
      <div
        aria-haspopup="listbox"
        aria-labelledby="gender-filter-input-label gender-filter"
        class="MuiSelect-root MuiSelect-select MuiSelect-selectMenu MuiInputBase-input MuiInput-input"
        id="gender-filter"
        role="button"
        tabindex="0"
      >
        Gênero
      </div>
      <input
        aria-hidden="true"
        class="MuiSelect-nativeInput"
        name="gender-filter"
        tabindex="-1"
        value="default"
      />
      <svg
        aria-hidden="true"
        class="MuiSvgIcon-root MuiSelect-icon"
        focusable="false"
        viewBox="0 0 24 24"
      >
        <path
          d="M7 10l5 5 5-5z"
        />
      </svg>
    </div>
    <div
      class="MuiInputBase-root MuiInput-root MuiInput-underline makeStyles-filtersInput-4"
    >
      <div
        aria-haspopup="listbox"
        aria-labelledby="state-filter-input-label state-filter"
        class="MuiSelect-root MuiSelect-select MuiSelect-selectMenu MuiInputBase-input MuiInput-input"
        id="state-filter"
        role="button"
        tabindex="0"
      >
        Estado
      </div>
      <input
        aria-hidden="true"
        class="MuiSelect-nativeInput"
        name="state-filter"
        tabindex="-1"
        value="default"
      />
      <svg
        aria-hidden="true"
        class="MuiSvgIcon-root MuiSelect-icon"
        focusable="false"
        viewBox="0 0 24 24"
      >
        <path
          d="M7 10l5 5 5-5z"
        />
      </svg>
    </div>
    <div
      class="MuiInputBase-root MuiInput-root MuiInput-underline makeStyles-filtersInput-4"
    >
      <div
        aria-haspopup="listbox"
        aria-labelledby="skills-label skills-filter"
        class="MuiSelect-root MuiSelect-select MuiSelect-selectMenu MuiInputBase-input MuiInput-input"
        id="skills-filter"
        role="button"
        tabindex="0"
      >
        Habilidades
      </div>
      <input
        aria-hidden="true"
        class="MuiSelect-nativeInput"
        name="skills-filter"
        tabindex="-1"
        value="Habilidades"
      />
      <svg
        aria-hidden="true"
        class="MuiSvgIcon-root MuiSelect-icon"
        focusable="false"
        viewBox="0 0 24 24"
      >
        <path
          d="M7 10l5 5 5-5z"
        />
      </svg>
    </div>
  </div>
  <div
    class="makeStyles-root-1"
  >
    <div
      class="MuiGrid-root MuiGrid-container MuiGrid-spacing-xs-3"
    >
      <div
        class="MuiGrid-root MuiGrid-item MuiGrid-grid-xs-12 MuiGrid-grid-sm-6"
      >
        <div
          class="MuiPaper-root makeStyles-paper-2 MuiPaper-elevation1 MuiPaper-rounded"
        >
          <div
            class="makeStyles-root-5"
          >
            <h2
              class="makeStyles-title-7"
            >
               
              Teste
               
            </h2>
            <div
              class="makeStyles-info-6"
            >
              <span>
                 
                Desenvolvedora
                 
              </span>
              <span>
                Gênero: 
                feminino
              </span>
              <span>
                Tempo de experiência: 
                1 ano 
                 
              </span>
              <span>
                Local: 
                Porto Alegre
                /
                RS
              </span>
              <div
                class="makeStyles-skills-8"
              >
                <span
                  class="label"
                >
                   
                  MongoDB
                   
                </span>
                <span
                  class="label"
                >
                   
                  JavaScript
                   
                </span>
              </div>
            </div>
            <hr
              class="makeStyles-line-9"
            />
            <div
              class="makeStyles-socialLinks-10"
            >
              <a
                class="social"
                href="mailto:test@hotmail.com"
                target="_blank"
              >
                <img
                  alt="email link"
                  src="test-file-stub"
                />
              </a>
            </div>
          </div>
        </div>
      </div>
    </div>
  </div>
</div>
`;
